// Jest Snapshot v1, https://goo.gl/fbAQLP

exports[`<ShopCard /> should render logo correctly 1`] = `
.c0 {
  width: 100%;
  min-height: 300px;
  max-width: 280px;
  background: #ffffff;
  box-shadow: 0px 2px 8px rgba(0,0,0,0.135216);
  border-radius: 8px;
  display: -webkit-box;
  display: -webkit-flex;
  display: -ms-flexbox;
  display: flex;
  -webkit-flex-direction: column;
  -ms-flex-direction: column;
  flex-direction: column;
  -webkit-align-items: center;
  -webkit-box-align: center;
  -ms-flex-align: center;
  align-items: center;
  margin: auto;
  padding-top: 18px;
}

.c1 {
  width: 138px;
}

.c2 {
  width: 100%;
  padding-left: 14px;
  padding-right: 12px;
  min-height: 36px;
  margin: 10px 0 8px;
  display: -webkit-box;
  display: -webkit-flex;
  display: -ms-flexbox;
  display: flex;
  -webkit-box-pack: justify;
  -webkit-justify-content: space-between;
  -ms-flex-pack: justify;
  justify-content: space-between;
}

.c3 {
  font-family: 'Montserrat';
  font-weight: 400;
  font-size: 15px;
  line-height: 19px;
  text-align: left;
  color: #2c2c2c;
}

.c4 {
  background: #373737;
  border-radius: 5px;
  font-family: 'Montserrat';
  font-weight: 700;
  font-size: 15px;
  line-height: 15px;
  display: -webkit-box;
  display: -webkit-flex;
  display: -ms-flexbox;
  display: flex;
  -webkit-box-pack: center;
  -webkit-justify-content: center;
  -ms-flex-pack: center;
  justify-content: center;
  -webkit-align-items: center;
  -webkit-box-align: center;
  -ms-flex-align: center;
  align-items: center;
  padding: 4px 6px;
  color: #ffffff;
}

.c5 {
  font-family: 'Montserrat';
  font-weight: 300;
  font-size: 10px;
  line-height: 12px;
  padding: 0 12px;
  margin-bottom: 4px;
  color: #2c2c2c;
}

.c6 {
  background: #0f52ba;
  border-radius: 0px 0px 8px 8px;
  width: 100%;
  height: 34px;
  inline: none;
  border: none;
  margin-top: auto;
  font-family: 'Montserrat';
  font-weight: 600;
  font-size: 14px;
  line-height: 18px;
  display: -webkit-box;
  display: -webkit-flex;
  display: -ms-flexbox;
  display: flex;
  gap: 14px;
  -webkit-box-pack: center;
  -webkit-justify-content: center;
  -ms-flex-pack: center;
  justify-content: center;
  -webkit-align-items: center;
  -webkit-box-align: center;
  -ms-flex-align: center;
  align-items: center;
  color: #ffffff;
  cursor: pointer;
  background-position: center;
  -webkit-transition: background 0.7s;
  transition: background 0.7s;
}

.c6:hover {
  background: #5785ce radial-gradient(circle,transparent 1%,#0f52ba 1%) center/15000%;
}

.c6:active {
  background-color: #5785ce;
  background-size: 100%;
  -webkit-transition: background 0s;
  transition: background 0s;
}

@media (max-width:400px) {
  .c0 {
    padding-top: 4px;
    min-height: 300px;
  }
}

@media (max-width:600px) {
  .c2 {
    padding: 0 9px;
    margin: 6px 0 8px;
  }
}

@media (max-width:600px) {
  .c3 {
    font-size: 14px;
    line-height: 16px;
  }
}

<main
  class="c0"
>
  <section
    class="c1"
  >
    <span
      style="box-sizing: border-box; display: inline-block; overflow: hidden; background: none; opacity: 1; border: 0px; margin: 0px; padding: 0px; position: relative; max-width: 100%;"
    >
      <span
        style="box-sizing: border-box; display: block; background: none; opacity: 1; border: 0px; margin: 0px; padding: 0px; max-width: 100%;"
      >
        <img
          alt=""
          aria-hidden="true"
          src="data:image/svg+xml,%3csvg xmlns=%27http://www.w3.org/2000/svg%27 version=%271.1%27 width=%27300%27 height=%27300%27/%3e"
          style="display: block; max-width: 100%; background: none; opacity: 1; border: 0px; margin: 0px; padding: 0px;"
        />
      </span>
      <img
        alt="a name testing photo"
        data-nimg="intrinsic"
        decoding="async"
        src="data:image/gif;base64,R0lGODlhAQABAIAAAAAAAP///yH5BAEAAAAALAAAAAABAAEAAAIBRAA7"
        style="position: absolute; top: 0px; left: 0px; bottom: 0px; right: 0px; box-sizing: border-box; padding: 0px; margin: auto; display: block; width: 0px; height: 0px; min-width: 100%; max-width: 100%; min-height: 100%; max-height: 100%; object-fit: contain;"
      />
      <noscript />
    </span>
  </section>
  <section
    class="c2"
  >
    <p
      class="c3"
    >
      a name testing
    </p>
    <p
      class="c4"
    >
      R$
      111
    </p>
  </section>
  <p
    class="c5"
  >
    a desc testing
  </p>
  <button
    class="c6"
  >
     
    <span
      style="box-sizing: border-box; display: inline-block; overflow: hidden; background: none; opacity: 1; border: 0px; margin: 0px; padding: 0px; position: relative; max-width: 100%;"
    >
      <span
        style="box-sizing: border-box; display: block; background: none; opacity: 1; border: 0px; margin: 0px; padding: 0px; max-width: 100%;"
      >
        <img
          alt=""
          aria-hidden="true"
          src="data:image/svg+xml,%3csvg xmlns=%27http://www.w3.org/2000/svg%27 version=%271.1%27 width=%2714%27 height=%2712%27/%3e"
          style="display: block; max-width: 100%; background: none; opacity: 1; border: 0px; margin: 0px; padding: 0px;"
        />
      </span>
      <img
        alt="A Shoping bag Icon"
        data-nimg="intrinsic"
        decoding="async"
        src="data:image/gif;base64,R0lGODlhAQABAIAAAAAAAP///yH5BAEAAAAALAAAAAABAAEAAAIBRAA7"
        style="position: absolute; top: 0px; left: 0px; bottom: 0px; right: 0px; box-sizing: border-box; padding: 0px; margin: auto; display: block; width: 0px; height: 0px; min-width: 100%; max-width: 100%; min-height: 100%; max-height: 100%;"
      />
      <noscript />
    </span>
    COMPRAR
  </button>
</main>
`;
