// Jest Snapshot v1, https://goo.gl/fbAQLP

exports[`<Content /> should render container correctly 1`] = `
.c0 {
  width: 100%;
  height: 100%;
  min-height: calc(100vh - 135px);
  background: #e5e5e5;
  display: -webkit-box;
  display: -webkit-flex;
  display: -ms-flexbox;
  display: flex;
  -webkit-align-items: center;
  -webkit-box-align: center;
  -ms-flex-align: center;
  align-items: center;
  -webkit-box-pack: center;
  -webkit-justify-content: center;
  -ms-flex-pack: center;
  justify-content: center;
}

.c1 {
  grid-area: main;
  width: 90%;
  max-width: 938px;
  display: grid;
  grid-template-columns: repeat(4,1fr);
  grid-template-rows: repeat(2,1fr);
  grid-column-gap: 23px;
  grid-row-gap: 31px;
  -webkit-box-pack: center;
  -webkit-justify-content: center;
  -ms-flex-pack: center;
  justify-content: center;
  -webkit-align-items: center;
  -webkit-box-align: center;
  -ms-flex-align: center;
  align-items: center;
  padding: 3rem 0;
}

@media (max-width:1024px) {
  .c1 {
    grid-template-columns: repeat(3,1fr);
    grid-template-rows: repeat(3,1fr);
  }
}

@media (max-width:800px) {
  .c1 {
    grid-template-columns: repeat(2,1fr);
    grid-template-rows: repeat(4,1fr);
    grid-column-gap: 12px;
    grid-row-gap: 16px;
  }
}

<main
  class="c0"
>
  <div
    class="c1"
  />
</main>
`;
