// Jest Snapshot v1, https://goo.gl/fbAQLP

exports[`<Navbar /> should render logo correctly 1`] = `
.c0 {
  background-color: #0f52ba;
  color: #fff;
  width: 100%;
  height: 101px;
  text-align: center;
  display: -webkit-box;
  display: -webkit-flex;
  display: -ms-flexbox;
  display: flex;
  -webkit-flex-direction: column;
  -ms-flex-direction: column;
  flex-direction: column;
  -webkit-align-items: center;
  -webkit-box-align: center;
  -ms-flex-align: center;
  align-items: center;
  -webkit-box-pack: center;
  -webkit-justify-content: center;
  -ms-flex-pack: center;
  justify-content: center;
  grid-area: navbar;
  padding-right: 88px;
  padding-left: 65px;
}

.c1 {
  width: 100%;
  display: -webkit-box;
  display: -webkit-flex;
  display: -ms-flexbox;
  display: flex;
  -webkit-box-pack: justify;
  -webkit-justify-content: space-between;
  -ms-flex-pack: justify;
  justify-content: space-between;
  -webkit-align-items: center;
  -webkit-box-align: center;
  -ms-flex-align: center;
  align-items: center;
  list-style-type: none;
}

.c2 {
  background: #ffffff;
  border-radius: 8px;
  width: 90px;
  height: 45px;
  color: #000;
}

<header
  class="c0"
>
  <ul
    class="c1"
  >
    <li />
    <li
      class="c2"
    >
      <span
        style="box-sizing: border-box; display: inline-block; overflow: hidden; background: none; opacity: 1; border: 0px; margin: 0px; padding: 0px; position: relative; max-width: 100%;"
      >
        <span
          style="box-sizing: border-box; display: block; background: none; opacity: 1; border: 0px; margin: 0px; padding: 0px; max-width: 100%;"
        >
          <img
            alt=""
            aria-hidden="true"
            src="data:image/svg+xml,%3csvg xmlns=%27http://www.w3.org/2000/svg%27 version=%271.1%27 width=%2719%27 height=%2718%27/%3e"
            style="display: block; max-width: 100%; background: none; opacity: 1; border: 0px; margin: 0px; padding: 0px;"
          />
        </span>
        <img
          alt="A Shopcart Icon"
          data-nimg="intrinsic"
          decoding="async"
          src="data:image/gif;base64,R0lGODlhAQABAIAAAAAAAP///yH5BAEAAAAALAAAAAABAAEAAAIBRAA7"
          style="position: absolute; top: 0px; left: 0px; bottom: 0px; right: 0px; box-sizing: border-box; padding: 0px; margin: auto; display: block; width: 0px; height: 0px; min-width: 100%; max-width: 100%; min-height: 100%; max-height: 100%;"
        />
        <noscript />
      </span>
    </li>
  </ul>
</header>
`;
