// Jest Snapshot v1, https://goo.gl/fbAQLP

exports[`<Footer /> should render p correctly 1`] = `
.c0 {
  background-color: #eeeeee;
  color: #fff;
  width: 100%;
  height: 34px;
  display: -webkit-box;
  display: -webkit-flex;
  display: -ms-flexbox;
  display: flex;
  -webkit-box-pack: center;
  -webkit-justify-content: center;
  -ms-flex-pack: center;
  justify-content: center;
  -webkit-align-items: center;
  -webkit-box-align: center;
  -ms-flex-align: center;
  align-items: center;
  text-align: center;
  grid-area: footer;
}

.c1 {
  color: #000;
  font-family: 'Montserrat';
  font-style: normal;
  font-weight: 400;
  font-size: 12px;
  line-height: 15px;
}

<footer
  class="c0"
>
  <p
    class="c1"
    role="footertext"
  >
    MKS sistemas Â© Todos os direitos reservados
  </p>
</footer>
`;
